Calling vcvars64.bat...
**********************************************************************
** Visual Studio 2022 Developer Command Prompt v17.14.19
** Copyright (c) 2025 Microsoft Corporation
**********************************************************************
[vcvarsall.bat] Environment initialized for: 'x64'
Checking for cl.exe...
C:\Program Files (x86)\Microsoft Visual Studio\2022\BuildTools\VC\Tools\MSVC\14.44.35207\bin\Hostx64\x64\cl.exe
Cleaning build directory...
Configuring CMake (NMake Makefiles)...
-- The CXX compiler identification is MSVC 19.44.35219.0
-- Detecting CXX compiler ABI info
-- Detecting CXX compiler ABI info - done
-- Check for working CXX compiler: C:/Program Files (x86)/Microsoft Visual Studio/2022/BuildTools/VC/Tools/MSVC/14.44.35207/bin/Hostx64/x64/cl.exe - skipped
-- Detecting CXX compile features
-- Detecting CXX compile features - done
-- Configuring done (2.5s)
-- Generating done (0.0s)
-- Build files have been written to: D:/Projetos/DK/build
Building...
Change Dir: 'D:/Projetos/DK/build'

Run Build Command(s): D:/CMAKE/bin/cmake.exe -E env VERBOSE=1 nmake -f Makefile /nologo
	D:\CMAKE\bin\cmake.exe -SD:\Projetos\DK -BD:\Projetos\DK\build --check-build-system CMakeFiles\Makefile.cmake 0
	D:\CMAKE\bin\cmake.exe -E cmake_progress_start D:\Projetos\DK\build\CMakeFiles D:\Projetos\DK\build\\CMakeFiles\progress.marks
	"C:\Program Files (x86)\Microsoft Visual Studio\2022\BuildTools\VC\Tools\MSVC\14.44.35207\bin\HostX64\x64\nmake.exe"  -f CMakeFiles\Makefile2 /nologo -L                  all
	"C:\Program Files (x86)\Microsoft Visual Studio\2022\BuildTools\VC\Tools\MSVC\14.44.35207\bin\HostX64\x64\nmake.exe"  -f CMakeFiles\server.dir\build.make /nologo -L                  CMakeFiles\server.dir\depend
	D:\CMAKE\bin\cmake.exe -E cmake_depends "NMake Makefiles" D:\Projetos\DK D:\Projetos\DK D:\Projetos\DK\build D:\Projetos\DK\build D:\Projetos\DK\build\CMakeFiles\server.dir\DependInfo.cmake "--color=" server
	"C:\Program Files (x86)\Microsoft Visual Studio\2022\BuildTools\VC\Tools\MSVC\14.44.35207\bin\HostX64\x64\nmake.exe"  -f CMakeFiles\server.dir\build.make /nologo -L                  CMakeFiles\server.dir\build
[ 20%] Building CXX object CMakeFiles/server.dir/src/main.cpp.obj
	D:\CMAKE\bin\cmake.exe -E cmake_cl_compile_depends --dep-file=CMakeFiles\server.dir\src\main.cpp.obj.d --working-dir=D:\Projetos\DK\build --filter-prefix="ObservaþÒo: incluindo arquivo: " -- C:\PROGRA~2\MICROS~2\2022\BUILDT~1\VC\Tools\MSVC\1444~1.352\bin\Hostx64\x64\cl.exe @C:\Users\diogo\AppData\Local\Temp\nmBE91.tmp
main.cpp
D:\Projetos\DK\src\core\../sys/Platform.hpp(10): warning C4005: 'PLATFORM_WINDOWS': redefini├º├úo de macro
D:\Projetos\DK\src\core\../sys/Platform.hpp(10): note: 'PLATFORM_WINDOWS' declarado anteriormente na linha de comando
D:\Projetos\DK\src\main.cpp(4): error C2653: 'coro': n├úo ├® um nome de classe ou de namespace
D:\Projetos\DK\src\main.cpp(4): error C4430: faltando especificador de tipo - int assumido. Observa├º├úo: C++ n├úo suporta default-int
D:\Projetos\DK\src\main.cpp(4): error C2146: erro de sintaxe: ';' ausente antes do identificador 'sendfile_test'
D:\Projetos\DK\src\main.cpp(4): error C2143: erro de sintaxe: ';' ausente antes de '{'
D:\Projetos\DK\src\main.cpp(4): error C2447: '{': faltando cabe├ºalho de fun├º├úo (lista formal de estilo antigo?)
D:\Projetos\DK\src\main.cpp(44): error C3861: 'sendfile_test': identificador n├úo encontrado
D:\Projetos\DK\src\main.cpp(46): error C2039: ' cout': n├úo ├® um membro de 'std'
C:\Program Files (x86)\Microsoft Visual Studio\2022\BuildTools\VC\Tools\MSVC\14.44.35207\include\memory(31): note: consulte a declara├º├úo de 'std'
D:\Projetos\DK\src\main.cpp(46): error C2065: 'cout': identificador n├úo declarado
D:\Projetos\DK\src\main.cpp(49): error C2039: ' cerr': n├úo ├® um membro de 'std'
C:\Program Files (x86)\Microsoft Visual Studio\2022\BuildTools\VC\Tools\MSVC\14.44.35207\include\memory(31): note: consulte a declara├º├úo de 'std'
D:\Projetos\DK\src\main.cpp(49): error C2065: 'cerr': identificador n├úo declarado
.\build.bat : NMAKE : fatal error U1077: 
'D:\CMAKE\bin\cmake.exe -E 
cmake_cl_compile_depends --dep-file=CMakeFiles
\server.dir\src\main.cpp.obj.d 
--working-dir=D:\Projetos\DK\build 
--filter-prefix="ObservaþÒo: incluindo 
arquivo: " -- C:\PROGRA~2\MICROS~2\2022\BUILDT
~1\VC\Tools\MSVC\1444~1.352\bin\Hostx64\x64\cl
.exe @C:\Users\diogo\AppData\Local\Temp\nmBE91
.tmp' : c¾digo de retorno '0x2'
No linha:1 caractere:1
+ .\build.bat > build_error.log 2>&1
+ ~~~~~~~~~~~~~~~~~~~~~~~~~~~~~~~~~~
    + CategoryInfo          : NotSpecified: ( 
   NMAKE : fatal e...e retorno '0x2':String)  
   [], RemoteException
    + FullyQualifiedErrorId : NativeCommandEr 
   ror
 
Stop.
NMAKE : fatal error U1077: '"C:\Program Files 
(x86)\Microsoft Visual Studio\2022\BuildTools\
VC\Tools\MSVC\14.44.35207\bin\HostX64\x64\nmak
e.exe"  -f CMakeFiles\server.dir\build.make 
/nologo -L                  
CMakeFiles\server.dir\build' : c¾digo de 
retorno '0x2'
Stop.
NMAKE : fatal error U1077: '"C:\Program Files 
(x86)\Microsoft Visual Studio\2022\BuildTools\
VC\Tools\MSVC\14.44.35207\bin\HostX64\x64\nmak
e.exe"  -f CMakeFiles\Makefile2 /nologo -L    
              all' : c¾digo de retorno '0x2'
Stop.

